[2026-02-11T19:32:35.158Z] >>> PUBLISH START: SEMEN_ANALYSIS_COMPREHENSIVE_REPORT | Roles: ["DOCTOR"]
[2026-02-11T19:32:35.623Z] Fetching protocol SEMEN_ANALYSIS_COMPREHENSIVE_REPORT...
[2026-02-11T19:32:35.976Z] DB returned 1 rows.
[2026-02-11T19:32:36.208Z] Merging with existing config for: Semen Analysis Comprehensive Report
[2026-02-11T19:32:36.210Z] Executing UPDATE for SEMEN_ANALYSIS_COMPREHENSIVE_REPORT...
[2026-02-11T19:32:36.510Z] UPDATE complete. rowCount: 1
[2026-02-11T19:32:36.637Z] SUCCESS: Published SEMEN_ANALYSIS_COMPREHENSIVE_REPORT
[2026-02-11T19:43:05.600Z] >>> PUBLISH START: SEMEN_ANALYSIS_COMPREHENSIVE_REPORT | Roles: ["DOCTOR"]
[2026-02-11T19:43:05.614Z] Fetching protocol SEMEN_ANALYSIS_COMPREHENSIVE_REPORT...
[2026-02-11T19:43:05.617Z] DB returned 1 rows.
[2026-02-11T19:43:05.626Z] Merging with existing config for: Semen Analysis Comprehensive Report
[2026-02-11T19:43:05.627Z] Executing UPDATE for SEMEN_ANALYSIS_COMPREHENSIVE_REPORT...
[2026-02-11T19:43:05.633Z] UPDATE complete. rowCount: 1
[2026-02-11T19:43:05.642Z] SUCCESS: Published SEMEN_ANALYSIS_COMPREHENSIVE_REPORT
[2026-02-11T19:54:31.938Z] >>> PUBLISH START: SEMEN_ANALYSIS_COMPREHENSIVE_REPORT | Roles: ["DOCTOR"]
[2026-02-11T19:54:31.947Z] Fetching protocol SEMEN_ANALYSIS_COMPREHENSIVE_REPORT...
[2026-02-11T19:54:31.982Z] DB returned 1 rows.
[2026-02-11T19:54:31.983Z] Merging with existing config for: Semen Analysis Comprehensive Report
[2026-02-11T19:54:31.999Z] Executing UPDATE for SEMEN_ANALYSIS_COMPREHENSIVE_REPORT...
[2026-02-11T19:54:32.003Z] UPDATE complete. rowCount: 1
[2026-02-11T19:54:32.004Z] SUCCESS: Published SEMEN_ANALYSIS_COMPREHENSIVE_REPORT
